16:13:59 **** Incremental Build of configuration Debug for project logic-design-project ****
make -j8 all 
arm-none-eabi-gcc "../Core/Src/global.c" -mcpu=cortex-m3 -std=gnu11 -g3 -DDEBUG -DUSE_HAL_DRIVER -DSTM32F103xB -c -I../Core/Inc -I../Drivers/STM32F1xx_HAL_Driver/Inc -I../Drivers/STM32F1xx_HAL_Driver/Inc/Legacy -I../Drivers/CMSIS/Device/ST/STM32F1xx/Include -I../Drivers/CMSIS/Include -O0 -ffunction-sections -fdata-sections -Wall -fstack-usage -MMD -MP -MF"Core/Src/global.d" -MT"Core/Src/global.o" --specs=nano.specs -mfloat-abi=soft -mthumb -o "Core/Src/global.o"
arm-none-eabi-gcc -o "logic-design-project.elf" @"objects.list"   -mcpu=cortex-m3 -T"E:\logic-design-project\logic-design-project\STM32F103RBTX_FLASH.ld" --specs=nosys.specs -Wl,-Map="logic-design-project.map" -Wl,--gc-sections -static --specs=nano.specs -mfloat-abi=soft -mthumb -Wl,--start-group -lc -lm -Wl,--end-group
Finished building target: logic-design-project.elf
 
arm-none-eabi-size   logic-design-project.elf 
arm-none-eabi-objdump -h -S  logic-design-project.elf  > "logic-design-project.list"
arm-none-eabi-objcopy  -O binary  logic-design-project.elf  "logic-design-project.bin"
   text	   data	    bss	    dec	    hex	filename
  33672	    128	   1888	  35688	   8b68	logic-design-project.elf
Finished building: default.size.stdout
 
Finished building: logic-design-project.bin
 
Finished building: logic-design-project.list
 
16:14:05 **** Incremental Build of configuration Debug for project logic-design-project ****
make -j8 all 
arm-none-eabi-size   logic-design-project.elf 
   text	   data	    bss	    dec	    hex	filename
  33672	    128	   1888	  35688	   8b68	logic-design-project.elf
Finished building: default.size.stdout
 
